[   00000000]]IIiitializing cgroup subsys cpuset
[    0.000000] Initializing cgroup subsys cpu
[    0.000000] Initializing cgroup subsys cpuacct
[    0.000000] Linux version 4.4.0-128-generic (buildd@lcy01-amd64-019) (gcc version 5.4.0 20160609 (Ubuntu 5.4.0-6ubuntu1~16.04.9) ) #154-Ubuntu SMP Fri May 25 14:15:18 UTC 2018 (Ubuntu 4.4.0-128.154-generic 4.4.131)
[    0.000000] Command line: BOOT_IMAGE=/boot/vmlinuz-4.4.0-128-generic root=LABEL=cloudimg-rootfs ro console=tty1 console=ttyS0
[    0.000000] KERNEL supported cpus:
[    0.000000]   Intel GenuineIntel
[    0.000000]   AMD AuthenticAMD
[    0.000000]   Centaur CentaurHauls
[    0.000000] x86/fpu: xstate_offset[2]:  576, xstate_sizes[2]:  256
[    0.000000] x86/fpu: Supporting XSAVE feature 0x01: 'x87 floating point registers'
[    0.000000] x86/fpu: Supporting XSAVE feature 0x02: 'SSE registers'
[    0.000000] x86/fpu: Supporting XSAVE feature 0x04: 'AVX registers'
[    0.000000] x86/fpu: Enabled xstate features 0x7, context size is 832 bytes, using 'standard' format.
[    0.000000] x86/fpu: Using 'lazy' FPU context switches.
[    0.000000] e820: BIOS-provided physical RAM map:
[    0.000000] BIOS-e820: [mem 0x0000000000000000-0x000000000009fbff] usable
[    0.000000] BIOS-e820: [mem 0x000000000009fc00-0x000000000009ffff] reserved
[    0.000000] BIOS-e820: [mem 0x00000000000f0000-0x00000000000fffff] reserved
[    0.000000] BIOS-e820: [mem 0x0000000000100000-0x00000000dffeffff] usable
[    0.000000] BIOS-e820: [mem 0x00000000dfff0000-0x00000000dfffffff] ACPI data
[    0.000000] BIOS-e820: [mem 0x00000000fec00000-0x00000000fec00fff] reserved
[    0.000000] BIOS-e820: [mem 0x00000000fee00000-0x00000000fee00fff] reserved
[    0.000000] BIOS-e820: [mem 0x00000000fffc0000-0x00000000ffffffff] reserved
[    0.000000] BIOS-e820: [mem 0x0000000100000000-0x000000015b7fffff] usable
[    0.000000] NX (Execute Disable) protection: active
[    0.000000] SMBIOS 2.5 present.
[    0.000000] Hypervisor detected: KVM
[    0.000000] e820: last_pfn = 0x15b800 max_arch_pfn = 0x400000000
[    0.000000] MTRR: Disabled
[    0.000000] x86/PAT: MTRRs disabled, skipping PAT initialization too.
[    0.000000] CPU MTRRs all blank - virtualized system.
[    0.000000] x86/PAT: Configuration [0-7]: WB  WT  UC- UC  WB  WT  UC- UC  
[    0.000000] e820: last_pfn = 0xdfff0 max_arch_pfn = 0x400000000
[    0.000000] found SMP MP-table at [mem 0x0009fff0-0x0009ffff] mapped at [ffff88000009fff0]
[    0.000000] Scanning 1 areas for low memory corruption
[    0.000000] RAMDISK: [mem 0x36aa4000-0x37549fff]
[    0.000000] ACPI: Early table checksum verification disabled
[    0.000000] ACPI: RSDP 0x00000000000E0000 000024 (v02 VBOX  )
[    0.000000] ACPI: XSDT 0x00000000DFFF0030 00003C (v01 VBOX   VBOXXSDT 00000001 ASL  00000061)
[    0.000000] ACPI: FACP 0x00000000DFFF00F0 0000F4 (v04 VBOX   VBOXFACP 00000001 ASL  00000061)
[    0.000000] ACPI: DSDT 0x00000000DFFF0470 0021FF (v02 VBOX   VBOXBIOS 00000002 INTL 20100528)
[    0.000000] ACPI: FACS 0x00000000DFFF0200 000040
[    0.000000] ACPI: FACS 0x00000000DFFF0200 000040
[    0.000000] ACPI: APIC 0x00000000DFFF0240 000054 (v02 VBOX   VBOXAPIC 00000001 ASL  00000061)
[    0.000000] ACPI: SSDT 0x00000000DFFF02A0 0001CC (v01 VBOX   VBOXCPUT 00000002 INTL 20100528)
[    0.000000] No NUMA configuration found
[    0.000000] Faking a node at [mem 0x0000000000000000-0x000000015b7fffff]
[    0.000000] NODE_DATA(0) allocated [mem 0x15b7f7000-0x15b7fbfff]
[    0.000000] kvm-clock: Using msrs 4b564d01 and 4b564d00
[    0.000000] kvm-clock: cpu 0, msr 1:5b7ef001, primary cpu clock
[    0.000000] kvm-clock: using sched offset of 3149932097 cycles
[    0.000000] clocksource: kvm-clock: mask: 0xffffffffffffffff max_cycles: 0x1cd42e4dffb, max_idle_ns: 881590591483 ns
[    0.000000] Zone ranges:
[    0.000000]   DMA      [mem 0x0000000000001000-0x0000000000ffffff]
[    0.000000]   DMA32    [mem 0x0000000001000000-0x00000000ffffffff]
[    0.000000]   Normal   [mem 0x0000000100000000-0x000000015b7fffff]
[    0.000000]   Device   empty
[    0.000000] Movable zone start for each node
[    0.000000] Early memory node ranges
[    0.000000]   node   0: [mem 0x0000000000001000-0x000000000009efff]
[    0.000000]   node   0: [mem 0x0000000000100000-0x00000000dffeffff]
[    0.000000]   node   0: [mem 0x0000000100000000-0x000000015b7fffff]
[    0.000000] Initmem setup node 0 [mem 0x0000000000001000-0x000000015b7fffff]
[    0.000000] ACPI: PM-Timer IO Port: 0x4008
[    0.000000] IOAPIC[0]: apic_id 1, version 32, address 0xfec00000, GSI 0-23
[    0.000000] ACPI: INT_SRC_OVR (bus 0 bus_irq 0 global_irq 2 dfl dfl)
[    0.000000] ACPI: INT_SRC_OVR (bus 0 bus_irq 9 global_irq 9 low level)
[    0.000000] Using ACPI (MADT) for SMP configuration information
[    0.000000] smpboot: Allowing 1 CPUs, 0 hotplug CPUs
[    0.000000] PM: Registered nosave memory: [mem 0x00000000-0x00000fff]
[    0.000000] PM: Registered nosave memory: [mem 0x0009f000-0x0009ffff]
[    0.000000] PM: Registered nosave memory: [mem 0x000a0000-0x000effff]
[    0.000000] PM: Registered nosave memory: [mem 0x000f0000-0x000fffff]
[    0.000000] PM: Registered nosave memory: [mem 0xdfff0000-0xdfffffff]
[    0.000000] PM: Registered nosave memory: [mem 0xe0000000-0xfebfffff]
[    0.000000] PM: Registered nosave memory: [mem 0xfec00000-0xfec00fff]
[    0.000000] PM: Registered nosave memory: [mem 0xfec01000-0xfedfffff]
[    0.000000] PM: Registered nosave memory: [mem 0xfee00000-0xfee00fff]
[    0.000000] PM: Registered nosave memory: [mem 0xfee01000-0xfffbffff]
[    0.000000] PM: Registered nosave memory: [mem 0xfffc0000-0xffffffff]
[    0.000000] e820: [mem 0xe0000000-0xfebfffff] available for PCI devices
[    0.000000] Booting paravirtualized kernel on KVM
[    0.000000] clocksource: refined-jiffies: mask: 0xffffffff max_cycles: 0xffffffff, max_idle_ns: 7645519600211568 ns
[    0.000000] setup_percpu: NR_CPUS:512 nr_cpumask_bits:512 nr_cpu_ids:1 nr_node_ids:1
[    0.000000] PERCPU: Embedded 34 pages/cpu @ffff88015b400000 s99544 r8192 d31528 u2097152
[    0.000000] PV qspinlock hash table entries: 256 (order: 0, 4096 bytes)
[    0.000000] Built 1 zonelists in Node order, mobility grouping on.  Total pages: 1271960
[    0.000000] Policy zone: Normal
[    0.000000] Kernel command line: BOOT_IMAGE=/boot/vmlinuz-4.4.0-128-generic root=LABEL=cloudimg-rootfs ro console=tty1 console=ttyS0
[    0.000000] PID hash table entries: 4096 (order: 3, 32768 bytes)
[    0.000000] Memory: 4990728K/5168696K available (8541K kernel code, 1313K rwdata, 4000K rodata, 1512K init, 1316K bss, 177968K reserved, 0K cma-reserved)
[    0.000000] SLUB: HWalign=64, Order=0-3, MinObjects=0, CPUs=1, Nodes=1
[    0.000000] Kernel/User page tables isolation: enabled
[    0.000000] Hierarchical RCU implementation.
[    0.000000] 	Build-time adjustment of leaf fanout to 64.
[    0.000000] 	RCU restricting CPUs from NR_CPUS=512 to nr_cpu_ids=1.
[    0.000000] RCU: Adjusting geometry for rcu_fanout_leaf=64, nr_cpu_ids=1
[    0.000000] NR_IRQS:33024 nr_irqs:256 16
[    0.000000] Console: colour VGA+ 80x25
[    0.000000] console [tty1] enabled
[    0.000000] console [ttyS0] enabled
[    0.000000] tsc: Detected 2596.990 MHz processor
[    0.307314] Calibrating delay loop (skipped) preset value.. 5193.98 BogoMIPS (lpj=10387960)
[    0.308645] pid_max: default: 32768 minimum: 301
[    0.309304] ACPI: Core revision 20150930
[    0.310717] ACPI: 2 ACPI AML tables successfully acquired and loaded
[    0.311687] Security Framework initialized
[    0.312296] Yama: becoming mindful.
[    0.312898] AppArmor: AppArmor initialized
[    0.314600] Dentry cache hash table entries: 1048576 (order: 11, 8388608 bytes)
[    0.319622] Inode-cache hash table entries: 524288 (order: 10, 4194304 bytes)
[    0.329933] Mount-cache hash table entries: 16384 (order: 5, 131072 bytes)
[    0.330814] Mountpoint-cache hash table entries: 16384 (order: 5, 131072 bytes)
[    0.332792] Initializing cgroup subsys io
[    0.333389] Initializing cgroup subsys memory
[    0.334087] Initializing cgroup subsys devices
[    0.334782] Initializing cgroup subsys freezer
[    0.335433] Initializing cgroup subsys net_cls
[    0.336082] Initializing cgroup subsys perf_event
[    0.336712] Initializing cgroup subsys net_prio
[    0.337345] Initializing cgroup subsys hugetlb
[    0.338052] Initializing cgroup subsys pids
[    0.338737] CPU: Physical Processor ID: 0
[    0.340055] mce: CPU supports 0 MCE banks
[    0.340666] process: using mwait in idle threads
[    0.341342] Last level iTLB entries: 4KB 1024, 2MB 1024, 4MB 1024
[    0.342138] Last level dTLB entries: 4KB 1024, 2MB 1024, 4MB 1024, 1GB 4
[    0.342954] Spectre V2 : Mitigation: Full generic retpoline
[    0.343698] Spectre V2 : Speculation control IBPB not-supported IBRS not-supported
[    0.344614] Speculative Store Bypass: Vulnerable
[    0.365262] Freeing SMP alternatives memory: 32K
[    0.372655] ftrace: allocating 32236 entries in 126 pages
[    0.418380] smpboot: APIC(0) Converting physical 0 to logical package 0
[    0.473417] smpboot: Max logical packages: 1
[    0.474261] x2apic enabled
[    0.474923] Switched APIC routing to physical x2apic.
[    0.476571] ..TIMER: vector=0x30 apic1=0 pin1=2 apic2=-1 pin2=-1
[    0.586868] smpboot: CPU0: Intel(R) Xeon(R) CPU E5-2640 v3 @ 2.60GHz (family: 0x6, model: 0x3f, stepping: 0x2)
[    0.944791] Performance Events: unsupported p6 CPU model 63 no PMU driver, software events only.
[    0.947705] KVM setup paravirtual spinlock
[    0.948951] x86: Booted up 1 node, 1 CPUs
[    0.949543] smpboot: Total of 1 processors activated (5193.98 BogoMIPS)
[    0.950585] devtmpfs: initialized
[    0.952582] evm: security.selinux
[    0.953160] evm: security.SMACK64
[    0.953691] evm: security.SMACK64EXEC
[    0.954244] evm: security.SMACK64TRANSMUTE
[    0.954870] evm: security.SMACK64MMAP
[    0.955403] evm: security.ima
[    0.955962] evm: security.capability
[    0.956594] clocksource: jiffies: mask: 0xffffffff max_cycles: 0xffffffff, max_idle_ns: 7645041785100000 ns
[    0.957929] futex hash table entries: 256 (order: 2, 16384 bytes)
[    0.958836] pinctrl core: initialized pinctrl subsystem
[    0.959693] RTC time:  1:59:33, date: 07/05/18
[    0.960428] NET: Registered protocol family 16
[    0.961182] cpuidle: using governor ladder
[    0.961816] cpuidle: using governor menu
[    0.962385] PCCT header not found.
[    0.962979] ACPI: bus type PCI registered
[    0.963563] acpiphp: ACPI Hot Plug PCI Controller Driver version: 0.5
[    0.964430] PCI: Using configuration type 1 for base access
[    0.966963] ACPI: Added _OSI(Module Device)
[    0.967582] ACPI: Added _OSI(Processor Device)
[    0.968251] ACPI: Added _OSI(3.0 _SCP Extensions)
[    0.968955] ACPI: Added _OSI(Processor Aggregator Device)
[    0.970087] ACPI: Executed 1 blocks of module-level executable AML code
[    0.972628] ACPI: Interpreter enabled
[    0.973205] ACPI: (supports S0 S5)
[    0.973717] ACPI: Using IOAPIC for interrupt routing
[    0.974485] PCI: Using host bridge windows from ACPI; if necessary, use "pci=nocrs" and report a bug
[    0.978403] ACPI: PCI Root Bridge [PCI0] (domain 0000 [bus 00-ff])
[    0.979306] acpi PNP0A03:00: _OSC: OS supports [ASPM ClockPM Segments MSI]
[    0.980187] acpi PNP0A03:00: _OSC: not requesting OS control; OS requires [ExtendedConfig ASPM ClockPM MSI]
[    0.981441] acpi PNP0A03:00: fail to add MMCONFIG information, can't access extended PCI configuration space under this bridge.
[    0.983078] PCI host bridge to bus 0000:00
[    0.991039] pci_bus 0000:00: root bus resource [io  0x0000-0x0cf7 window]
[    0.991957] pci_bus 0000:00: root bus resource [io  0x0d00-0xffff window]
[    0.992809] pci_bus 0000:00: root bus resource [mem 0x000a0000-0x000bffff window]
[    0.993854] pci_bus 0000:00: root bus resource [mem 0xe0000000-0xfdffffff window]
[    0.994891] pci_bus 0000:00: root bus resource [bus 00-ff]
[    0.996767] pci 0000:00:01.1: legacy IDE quirk: reg 0x10: [io  0x01f0-0x01f7]
[    0.997677] pci 0000:00:01.1: legacy IDE quirk: reg 0x14: [io  0x03f6]
[    0.998543] pci 0000:00:01.1: legacy IDE quirk: reg 0x18: [io  0x0170-0x0177]
[    0.999466] pci 0000:00:01.1: legacy IDE quirk: reg 0x1c: [io  0x0376]
[    1.051049] pci 0000:00:07.0: quirk: [io  0x4000-0x403f] claimed by PIIX4 ACPI
[    1.074042] pci 0000:00:07.0: quirk: [io  0x4100-0x410f] claimed by PIIX4 SMB
[    1.107220] ACPI: PCI Interrupt Link [LNKA] (IRQs 5 9 10 *11)
[    1.282671] ACPI: PCI Interrupt Link [LNKB] (IRQs 5 9 *10 11)
[    1.283796] ACPI: PCI Interrupt Link [LNKC] (IRQs 5 *9 10 11)
[    1.294737] ACPI: PCI Interrupt Link [LNKD] (IRQs 5 9 10 *11)
[    1.295965] ACPI: Enabled 2 GPEs in block 00 to 07
[    1.297014] vgaarb: setting as boot device: PCI:0000:00:02.0
[    1.318719] vgaarb: device added: PCI:0000:00:02.0,decodes=io+mem,owns=io+mem,locks=none
[    1.320118] vgaarb: loaded
[    1.320671] vgaarb: bridge control possible 0000:00:02.0
[    1.321766] SCSI subsystem initialized
[    1.322533] ACPI: bus type USB registered
[    1.323279] usbcore: registered new interface driver usbfs
[    1.338666] usbcore: registered new interface driver hub
[    1.347376] usbcore: registered new device driver usb
[    1.348332] PCI: Using ACPI for IRQ routing
[    1.349280] NetLabel: Initializing
[    1.349919] NetLabel:  domain hash size = 128
[    1.350581] NetLabel:  protocols = UNLABELED CIPSOv4
[    1.351359] NetLabel:  unlabeled traffic allowed by default
[    1.352277] amd_nb: Cannot enumerate AMD northbridges
[    1.353098] clocksource: Switched to clocksource kvm-clock
[    1.362240] AppArmor: AppArmor Filesystem Enabled
[    1.363064] pnp: PnP ACPI init
[    1.364145] pnp: PnP ACPI: found 3 devices
[   113370343] clocksource: acpi_pm: mask: 0xffffff max_cycles: 0xffffff, max_idle_ns: 2085701024 ns
[    2.288738] NET: Registered protocol family 2
[    2.298960] TCP established hash table entries: 65536 (order: 7, 524288 bytes)
[    2.300101] TCP bind hash table entries: 65536 (order: 8, 1048576 bytes)
[    2.308540] TCP: Hash tables configured (established 65536 bind 65536)
[    2.310028] UDP hash table entries: 4096 (order: 5, 131072 bytes)
[    2.310827] UDP-Lite hash table entries: 4096 (order: 5, 131072 bytes)
[    2.311704] NET: Registered protocol family 1
[    2.312353] pci 0000:00:00.0: Limiting direct PCI/PCI transfers
[    2.368713] pci 0000:00:01.0: Activating ISA DMA hang workarounds
[    2.369655] Unpacking initramfs...
[    3.867425] Freeing initrd memory: 10904K
[    4.278567] PCI-DMA: Using software bounce buffering for IO (SWIOTLB)
[    4.438929] software IO TLB [mem 0xdbff0000-0xdfff0000] (64MB) mapped at [ffff8800dbff0000-ffff8800dffeffff]
[    4.440473] RAPL PMU detected, API unit is 2^-32 Joules, 3 fixed counters 10737418240 ms ovfl timer
[    4.442872] hw unit of domain pp0-core 2^-0 Joules
[    4.443598] hw unit of domain package 2^-0 Joules
[    4.444298] hw unit of domain dram 2^-16 Joules
[    4.445042] platform rtc_cmos: registered platform RTC device (no PNP device found)
[    4.446241] Scanning for low memory corruption every 60 seconds
[    4.447334] audit: initializing netlink subsys (disabled)
[    4.450747] audit: type=2000 audit(1530755980.334:1): initialized
[    4.451889] Initialise system trusted keyring
[    4.452682] HugeTLB registered 2 MB page size, pre-allocated 0 pages
[    4.454704] zbud: loaded
[    4.455463] VFS: Disk quotas dquot_6.6.0
[    4.456174] VFS: Dquot-cache hash table entries: 512 (order 0, 4096 bytes)
[    4.457318] squashfs: version 4.0 (2009/01/31) Phillip Lougher
[    4.458368] fuse init (API version 7.23)
[    4.459129] Key type big_key registered
[    4.459759] Allocating IMA MOK and blacklist keyrings.
[    4.460691] Key type asymmetric registered
[    4.461324] Asymmetric key parser 'x509' registered
[    4.462097] Block layer SCSI generic (bsg) driver version 0.4 loaded (major 249)
[    4.463255] io scheduler noop registered
[    4.463886] io scheduler deadline registered (default)
[    4.464671] io scheduler cfq registered
[    4.465363] pci_hotplug: PCI Hot Plug PCI Core version: 0.5
[    4.466193] pciehp: PCI Express Hot Plug Controller Driver version: 0.4
[    4.469037] ACPI: AC Adapter [AC] (on-line)
[    4.469741] input: Power Button as /devices/LNXSYSTM:00/LNXPWRBN:00/input/input0
[    4.470847] ACPI: Power Button [PWRF]
[    4.471460] input: Sleep Button as /devices/LNXSYSTM:00/LNXSLPBN:00/input/input1
[    4.472568] ACPI: Sleep Button [SLPF]
[    4.473259] GHES: HEST is not enabled!
[    4.473920] Serial: 8250/16550 driver, 32 ports, IRQ sharing enabled
[   44.496129] 00:02: ttyS0 at I/O 0x3f8 (irq = 4, base_baud = 115200) is a 16550A
[    4.609855] Linux agpgart interface v0.103
[    5.019359] loop: module loaded
[    5.358859] scsi host0: ata_piix
[    5.678431] tsc: Refined TSC clocksource calibration: 2595.912 MHz
[    5.679414] clocksource: tsc: mask: 0xffffffffffffffff max_cycles: 0x256b263f45e, max_idle_ns: 440795211791 ns
[    5.681026] scsi host1: ata_piix
[    5.681694] ata1: PATA max UDMA/33 cmd 0x1f0 ctl 0x3f6 bmdma 0xd000 irq 14
[    5.698958] ata2: PATA max UDMA/33 cmd 0x170 ctl 0x376 bmdma 0xd008 irq 15
[    5.700466] libphy: Fixed MDIO Bus: probed
[    5.701176] tun: Universal TUN/TAP device driver, 1.6
[    5.701966] tun: (C) 1999-2004 Max Krasnyansky <maxk@qualcomm.com>
[    5.702898] PPP generic driver version 2.4.2
[    5.703639] ehci_hcd: USB 2.0 'Enhanced' Host Controller (EHCI) Driver
[    5.704577] ehci-pci: EHCI PCI platform driver
[    5.705292] ehci-platform: EHCI generic platform driver
[    5.706112] ohci_hcd: USB 1.1 'Open' Host Controller (OHCI) Driver
[    5.707015] ohci-pci: OHCI PCI platform driver
[    5.707730] ohci-platform: OHCI generic platform driver
[    5.708596] uhci_hcd: USB Universal Host Controller Interface driver
[    5.709597] i8042: PNP: PS/2 Controller [PNP0303:PS2K,PNP0f03:PS2M] at 0x60,0x64 irq 1,12
[    5.711289] serio: i8042 KBD port at 0x60,0x64 irq 1
[    5.712066] serio: i8042 AUX port at 0x60,0x64 irq 12
[    5.712966] mousedev: PS/2 mouse device common for all mice
[    5.713941] input: AT Translated Set 2 keyboard as /devices/platform/i8042/serio0/input/input2
[    5.715456] rtc_cmos rtc_cmos: rtc core: registered rtc_cmos as rtc0
[    5.716397] rtc_cmos rtc_cmos: alarms up to one day, 114 bytes nvram
[    5.717274] i2c /dev entries driver
[    5.717911] device-mapper: uevent: version 1.0.3
[    5.718680] device-mapper: ioctl: 4.34.0-ioctl (2015-10-28) initialised: dm-devel@redhat.com
[    5.723987] ledtrig-cpu: registered to indicate activity on CPUs
[    5.725013] NET: Registered protocol family 10
[    5.725827] NET: Registered protocol family 17
[    5.726489] Key type dns_resolver registered
[    5.727309] registered taskstats version 1
[    5.727979] Loading compiled-in X.509 certificates
[    5.729318] Loaded X.509 cert 'Build time autogenerated kernel key: fc7b57a7df019f2655f66a8a374d74ee8f4999fc'
[    5.730757] zswap: loaded using pool lzo/zbud
[    5.732762] Key type trusted registered
[    5.735496] Key type encrypted registered
[    5.736162] AppArmor: AppArmor sha1 policy hashing enabled
[    5.736984] ima: No TPM chip found, activating TPM-bypass!
[    5.737855] evm: HMAC attrs: 0x1
[    5.738642]   Magic number: 10:924:962
[    5.739265] memory memory13: hash matches
[    5.739930] rtc_cmos rtc_cmos: setting system clock to 2018-07-05 01:59:37 UTC (1530755977)
[    5.741199] BIOS EDD facility v0.16 2004-Jun-25, 0 devices found
[    5.742020] EDD information not available.
[    5.854310] Freeing unused kernel memory: 1512K
[    6.068723] Write protecting the kernel read-only data: 14336k
[    6.070174] Freeing unused kernel memory: 1688K
[    6.071045] Freeing unused kernel memory: 96K
Loading, please [    6.081915] random: udevadm: uninitialized urandom read (16 bytes read, 2 bits of entropy available)
wait...
starting version 229
[    6.090133] random: systemd-udevd: uninitialized urandom read (16 bytes read, 2 bits of entropy available)
[    6.091606] random: systemd-udevd: uninitialized urandom read (16 bytes read, 2 bits of entropy available)
[    6.092997] random: systemd-udevd: uninitialized urandom read (16 bytes read, 2 bits of entropy available)
[    6.094394] random: systemd-udevd: uninitialized urandom read (16 bytes read, 2 bits of entropy available)
[    6.096403] random: udevadm: uninitialized urandom read (16 bytes read, 2 bits of entropy available)
[    6.102632] random: systemd-udevd: uninitialized urandom read (16 bytes read, 2 bits of entropy available)
[    6.104039] random: systemd-udevd: uninitialized urandom read (16 bytes read, 2 bits of entropy available)
[    6.105409] random: systemd-udevd: uninitialized urandom read (16 bytes read, 2 bits of entropy available)
[    6.108505] random: systemd-udevd: uninitialized urandom read (16 bytes read, 2 bits of entropy available)
[    6.161810] e1000: Intel(R) PRO/1000 Network Driver - version 7.3.21-k8-NAPI
[    6.199158] e1000: Copyright (c) 1999-2006 Intel Corporation.
[    6.205116] Fusion MPT base driver 3.04.20
[    6.205887] Copyright (c) 1999-2008 LSI Corporation
[    6.219352] Fusion MPT SPI Host driver 3.04.20
[    6.272843] AVX2 version of gcm_enc/dec engaged.
[    6.308729] AES CTR mode by8 optimization enabled
[    6.352392] mptbase: ioc0: Initiating bringup
[    6.418141] input: ImExPS/2 Generic Explorer Mouse as /devices/platform/i8042/serio1/input/input4
[    6.449277] ioc0: LSI53C1030 A0: Capabilities={Initiator}
[    6.618314] scsi host2: ioc0: LSI53C1030 A0, FwRev=00000000h, Ports=1, MaxQ=256, IRQ=20
[    6.870466] scsi 2:0:0:0: Direct-Access     VBOX     HARDDISK         1.0  PQ: 0 ANSI: 5
[    6.889304] scsi target2:0:0: Beginning Domain Validation
[    6.890650] scsi target2:0:0: Domain Validation skipping write tests
[    6.891497] scsi target2:0:0: Ending Domain Validation
[    6.930081] scsi target2:0:0: asynchronous
[    7.632941] scsi 2:0:1:0: Direct-Access     VBOX     HARDDISK         1.0  PQ: 0 ANSI: 5
[    7.669301] scsi target2:0:1: Beginning Domain Validation
[    7.670530] scsi target2:0:1: Domain Validation skipping write tests
[    7.671320] scsi target2:0:1: Ending Domain Validation
[    7.672061] scsi target2:0:1: asynchronous
[    7.675063] sd 2:0:0:0: Attached scsi generic sg0 type 0
[    7.675836] sd 2:0:0:0: [sda] 20971520 512-byte logical blocks: (10.7 GB/10.0 GiB)
[    7.677374] sd 2:0:1:0: [sdb] 20480 512-byte logical blocks: (10.5 MB/10.0 MiB)
[    7.678644] sd 2:0:1:0: Attached scsi generic sg1 type 0
[    7.679504] sd 2:0:0:0: [sda] Write Protect is off
[    7.680220] sd 2:0:1:0: [sdb] Write Protect is off
[    7.681027] sd 2:0:1:0: [sdb] Incomplete mode parameter data
[    7.681810] sd 2:0:1:0: [sdb] Assuming drive cache: write through
[    7.686420] sd 2:0:0:0: [sda] Incomplete mode parameter data
[    7.687183] sd 2:0:0:0: [sda] Assuming drive cache: write through
[    7.694052]  sda: sda1
[    7.694742] sd 2:0:1:0: [sdb] Attached SCSI disk
[    7.698011] sd 2:0:0:0: [sda] Attached SCSI disk
[    7.701704] e1000 0000:00:03.0 eth0: (PCI:33MHz:32-bit) 02:dd:f6:ca:b5:3d
[    7.702564] e1000 0000:00:03.0 eth0: Intel(R) PRO/1000 Network Connection
[    8.032171] e1000 0000:00:08.0 eth1: (PCI:33MHz:32-bit) 08:00:27:1e:6c:5a
[    8.049043] e1000 0000:00:08.0 eth1: Intel(R) PRO/1000 Network Connection
[    8.050817] e1000 0000:00:08.0 enp0s8: renamed from eth1
[    8.052975] e1000 0000:00:03.0 enp0s3: renamed from eth0
Begin: Loading e[    9.301750] md: linear personality registered for level -1
ssential drivers ... [    9.332455] md: multipath personality registered for level -4
[    9.341615] md: raid0 personality registered for level 0
[    9.345887] md: raid1 personality registered for level 1
[    9.428114] raid6: sse2x1   gen() 10898 MB/s
[    9.518103] raid6: sse2x1   xor()  7400 MB/s
[    9.598108] raid6: sse2x2   gen() 12906 MB/s
[    9.678101] raid6: sse2x2   xor()  9741 MB/s
[    9.778106] raid6: sse2x4   gen() 15982 MB/s
[    9.858102] raid6: sse2x4   xor() 10382 MB/s
[    9.938098] raid6: avx2x1   gen() 20804 MB/s
[   10.128102] raid6: avx2x2   gen() 23121 MB/s
[   10.658097] raid6: avx2x4   gen() 27010 MB/s
[   11.118414] raid6: using algorithm avx2x4 gen() 27010 MB/s
[   11.478441] raid6: using avx2x2 recovery algorithm
[   11.490818] xor: automatically using best checksumming function:
[   11.588101]    avx       : 47564.000 MB/sec
[   11.990192] async_tx: api initialized (async)
[   12.020537] md: raid6 personality registered for level 6
[   12.021264] md: raid5 personality registered for level 5
[   12.021954] md: raid4 personality registered for level 4
[   12.027685] md: raid10 personality registered for level 10
done.
Begin: Running /scripts/init-premount ... done.
Begin: Mounting root file system ... Begin: Running /scripts/local-top ... done.
Begin: Running /scripts/local-premount ... [   12.058253] Btrfs loaded
Scanning for Btrfs filesystems
done.
Warning: fsck not present, so skipping root file system
[   12.293302] EXT4-fs (sda1): mounted filesystem with ordered data mode. Opts: (null)
done.
Begin: Running /scripts/local-bottom ... done.
Begin: Running /scripts/init-bottom ... done.
[   12.539415] systemd[1]: systemd 229 running in system mode. (+PAM +AUDIT +SELINUX +IMA +APPARMOR +SMACK +SYSVINIT +UTMP +LIBCRYPTSETUP +GCRYPT +GNUTLS +ACL +XZ -LZ4 +SECCOMP +BLKID +ELFUTILS +KMOD -IDN)
[   13.320240] systemd[1]: Detected virtualization oracle.
[   13.321091] systemd[1]: Detected architecture x86-64.

Welcome to [1mUbuntu 16.04.4 LTS[0m!

[   13.324716] systemd[1]: Set hostname to <ubuntu>.
[   13.341286] systemd[1]: Initializing machine ID from random generator.
[   13.342330] systemd[1]: Installed transient /etc/machine-id file.
[   13.552135] systemd[1]: Started Forward Password Requests to Wall Directory Watch.
[[0;32m  OK  [0m] Started Forward Password Requests to Wall Directory Watch.
[   13.589893] systemd[1]: Reached target User and Group Name Lookups.
[[0;32m  OK  [0m] Reached target User and Group Name Lookups.
[   13.591577] systemd[1]: Listening on LVM2 metadata daemon socket.
[[0;32m  OK  [0m] Listening on LVM2 metadata daemon socket.
[   13.593270] systemd[1]: Listening on Journal Audit Socket.
[[0;32m  OK  [0m] Listening on Journal Audit Socket.
[   13.594871] systemd[1]: Listening on Syslog Socket.
[[0;32m  OK  [0m] Listening on Syslog Socket.
[   13.596368] systemd[1]: Listening on Journal Socket.
[[0;32m  OK  [0m] Listening on Journal Socket.
[   13.598220] systemd[1]: Created slice User and Session Slice.
[[0;32m  OK  [0m] Created slice User and Session Slice.
[   13.599897] systemd[1]: Listening on udev Kernel Socket.
[[0;32m  OK  [0m] Listening on udev Kernel Socket.
[   13.601435] systemd[1]: Listening on Journal Socket (/dev/log).
[[0;32m  OK  [0m] Listening on Journal Socket (/dev/log).
[   13.603037] systemd[1]: Reached target Encrypted Volumes.
[[0;32m  OK  [0m] Reached target Encrypted Volumes.
[   13.604547] systemd[1]: Reached target Swap.
[[0;32m  OK  [0m] Reached target Swap.
[   13.605925] systemd[1]: Listening on /dev/initctl Compatibility Named Pipe.
[[0;32m  OK  [0m] Listening on /dev/initctl Compatibility Named Pipe.
[   13.607713] systemd[1]: Started Trigger resolvconf update for networkd DNS.
[[0;32m  OK  [0m] Started Trigger resolvconf update for networkd DNS.
[   13.609599] systemd[1]: Reached target System Time Synchronized.
[[0;32m  OK  [0m] Reached target System Time Synchronized.
[   13.611294] systemd[1]: Set up automount Arbitrary Executable File Formats File System Automount Point.
[[0;32m  OK  [0m] Set up automount Arbitrary Executab...ats File System Automount Point.
[   13.613589] systemd[1]: Listening on LVM2 poll daemon socket.
[[0;32m  OK  [0m] Listening on LVM2 poll daemon socket.
[   13.615389] systemd[1]: Created slice System Slice.
[[0;32m  OK  [0m] Created slice System Slice.
[   13.617488] systemd[1]: Starting Uncomplicated firewall...
         Starting Uncomplicated firewall...
[   13.619573] systemd[1]: Mounting POSIX Message Queue File System...
         Mounting POSIX Message Queue File System...
[   13.623053] systemd[1]: Starting Set console keymap...
         Starting Set console keymap...
[   13.625853] systemd[1]: Starting Remount Root and Kernel File Systems...
         Starting Remount Root and Kernel File Systems...
[   13.627957] systemd[1]: Mounting Debug File System...
         Mounting Debug File System...
[   336644990] systemd[1]: Mounting Huge Pages File System...
         [   14.247743] EXT4-fs (sda1): re-mounted. Opts: (null)
Mounting Huge Pages File System...
[   14.275119] systemd[1]: Starting Load Kernel Modules...
         Starting Load Kernel Modules...
[   14.277393] systemd[1]: Created slice system-serial\x2dgetty.slice.
[[0;32m  OK  [0m] Created slice system-serial\x2dgetty.slice.
[   14.279271] systemd[1]: Reached target Slices.
[[0;32m  OK  [0m] Reached target Slices.
[   14.281712] systemd[1]: Starting Journal Service...
         Starting Journal Service...
[   14.283655] systemd[1]: Starting Nameserver information manager...
         Starting Nameserver information manager...
[   14.286981] systemd[1]: Listening on udev Control Socket.
[[0;32m  OK  [0m] Listening on udev Control Socket.
[   14.295041] systemd[1]: Listening on Device-mapper event daemon FIFOs.
[[0;32m  OK  [0m] Listening on Device-mapper event daemon FIFOs.
[   14.299953] Loading iSCSI transport class v2.0-870.
[   14.301104] systemd[1]: Starting Monitoring of LVM2 mirrors, snapshots etc. using dmeventd or progress polling...
         Starting Monitoring of LVM2 mirrors... dmeventd or progress polling...
[   14.322331] systemd[1]: Starting Create list of required static device nodes for the current kernel...
         Starting Create list of required st... nodes for the current kernel...
[   14.330394] systemd[1]: Mounted POSIX Message Queue File System.
[[0;32m  OK  [0m] Mounted POSIX Message Queue File System.
[   14.332323] systemd[1]: Mounted Huge Pages File System.
[[0;32m  OK  [0m] Mounted Huge Pages File System.
[   14.337809] systemd[1]: Mounted Debug File System.
[[0;32m  OK  [0m] Mounted Debug File System.
[   14.339809] systemd[1]: Started Uncomplicated firewall.
[[0;32m  OK  [0m] Started Uncomplicated firewall.
[   14.345313] iscsi: registered transport (tcp)
[   14.347233] systemd[1]: Started Remount Root and Kernel File Systems.
[[0;32m  OK  [0m] Started Remount Root and Kernel File Systems.
[   14.355053] systemd[1]: Started Create list of required static device nodes for the current kernel.
[[0;32m  OK  [0m] Started Create list of required sta...ce nodes for the current kernel.
[   14.374834] systemd[1]: Started Journal Service.
[   14.428891] random: nonblocking pool is initialized
[[0;32m  OK  [0m] Started Journal Service.
[[0;32m  OK  [0m] Started Set console keymap.
[[0;32m  OK  [0m] Started Nameserver information manager.
[   14.479735] iscsi: registered transport (iser)
[[0;32m  OK  [0m] Started Load Kernel Modules.
         Starting Apply Kernel Variables...
         Mounting FUSE Control File System...
[[0;32m  OK  [0m] Started LVM2 metadata daemon.
         Starting Create Static Device Nodes in /dev...
         Starting Flush Journal to Persistent Storage...
         Starting Load/Save Random Seed...
         Starting udev Coldplug all Devices...
[[0;32m  OK  [0m] Mounted FUSE Control File System.
[[0;32m  OK  [0m] Started Apply Kernel Variables.
[[0;32m  OK  [0m] Started Load/Save Random Seed.
[[0;32m  OK  [0m] Started Create Static Device Nodes in /dev.
[[0;32m  OK  [0m] Started Flush Journal to Persistent Storage.
[[0;32m  OK  [0m] Started udev Coldplug all Devices.
         Starting udev Kernel Device Manager...
[[0;32m  OK  [0m] Started udev Kernel Device Manager.
[[0;32m  OK  [0m] Started Dispatch Password Requests to Console Directory Watch.
[[0;32m  OK  [0m] Found device /dev/ttyS0.
[[0;32m  OK  [0m] Started Monitoring of LVM2 mirrors,...ng dmeventd or progress polling.
[[0;32m  OK  [0m] Reached target Local File Systems (Pre).
[[0;32m  OK  [0m] Reached target Local File Systems.
         Starting Commit a transient machine-id on disk...
         Starting Set console font and keymap...
         Starting Initial cloud-init job (pre-networking)...
         Starting Tell Plymouth To Write Out Runtime Data...
         Starting LSB: AppArmor initialization...
         Starting Create Volatile Files and Directories...
[[0;32m  OK  [0m] Started Commit a transient machine-id on disk.
[[0;32m  OK  [0m] Started Tell Plymouth To Write Out Runtime Data.
[[0;32m  OK  [0m] Started Create Volatile Files and Directories.
         Starting Update UTMP about System Boot/Shutdown...
[[0;32m  OK  [0m] Started Update UTMP about System Boot/Shutdown.
[[0;32m  OK  [0m] Listening on Load/Save RF Kill Switch Status /dev/rfkill Watch.
[   15.413107] cloud-init[525]: Cloud-init v. 18.2 running 'init-local' at Thu, 05 Jul 2018 01:59:47 +0000. Up 14.92 seconds.
[[0;32m  OK  [0m] Started Initial cloud-init job (pre-networking).
[[0;32m  OK  [0m] Reached target Network (Pre).
[[0;32m  OK  [0m] Started Set console font and keymap.
[[0;32m  OK  [0m] Created slice system-getty.slice.
[[0;32m  OK  [0m] Started LSB: AppArmor initialization.
         Starting Raise network interfaces...
[[0;32m  OK  [0m] Started Raise network interfaces.
         Starting Initial cloud-init job (metadata service crawler)...
[[0;32m  OK  [0m] Reached target Network.
[   16.620805] cloud-init[979]: Cloud-init v. 18.2 running 'init' at Thu, 05 Jul 2018 01:59:48 +0000. Up 16.15 seconds.
[   16.634063] cloud-init[979]: ci-info: ++++++++++++++++++++++++++++++++++++++Net device info++++++++++++++++++++++++++++++++++++++
[   16.635593] cloud-init[979]: ci-info: +--------+-------+----------------------------+---------------+-------+-------------------+
[   16.637086] cloud-init[979]: ci-info: | Device |   Up  |          Address           |      Mask     | Scope |     Hw-Address    |
[   16.640190] cloud-init[979]: ci-info: +--------+-------+----------------------------+---------------+-------+-------------------+
[   16.644005] cloud-init[979]: ci-info: | enp0s3 |  True |         10.0.2.15          | 255.255.255.0 |   .   | 02:dd:f6:ca:b5:3d |
[   16.645502] cloud-init[979]: ci-info: | enp0s3 |  True | fe80::dd:f6ff:feca:b53d/64 |       .       |  link | 02:dd:f6:ca:b5:3d |
[   16.648186] cloud-init[979]: ci-info: | enp0s8 | False |             .              |       .       |   .   | 08:00:27:1e:6c:5a |
[   16.652220] cloud-init[979]: ci-info: |   lo   |  True |         127.0.0.1          |   255.0.0.0   |   .   |         .         |
[   16.657132] cloud-init[979]: ci-info: |   lo   |  True |          ::1/128           |       .       |  host |         .         |
[   16.658585] cloud-init[979]: ci-info: +--------+-------+----------------------------+---------------+-------+-------------------+
[   16.660076] cloud-init[979]: ci-info: +++++++++++++++++++++++++++Route IPv4 info++++++++++++++++++++++++++++
[   16.664210] cloud-init[979]: ci-info: +-------+-------------+----------+---------------+-----------+-------+
[   16.670821] cloud-init[979]: ci-info: | Route | Destination | Gateway  |    Genmask    | Interface | Flags |
[[0;32m  OK  [0m] Started Initial cloud-init job (metadata service crawler).
[   16.675435] cloud-init[979]: ci-info: +-------+-------------+----------+---------------+-----------+-------+
[   16.677893] cloud-init[979]: ci-info: |   0   |   0.0.0.0   | 10.0.2.2 |    0.0.0.0    |   enp0s3  |   UG  |
[[0;32m  OK  [0m] [   16.680117] cloud-init[979]: ci-info: |   1   |   10.0.2.0  | 0.0.0.0  | 255.255.255.0 |   enp0s3  |   U   |
[   16.681145] cloud-init[979]: ci-info: +-------+-------------+----------+---------------+-----------+-------+
[   16.682204] cloud-init[979]: Generating public/private rsa key pair.
[   16.683018] cloud-init[979]: Your identification has been saved in /etc/ssh/ssh_host_rsa_key.
[   16.683992] Reached target Cloud-config availability.
[[0;32m  OK  [0m] Reached target Network is Online.
         Starting iSCSI initiator daemon (iscsid)...
[[0;32m  OK  [0m] Reached target System Initialization.
         Starting Socket activation for snappy daemon.
cloud-init[979]: Your public key has been saved in /etc/ssh/ssh_host_rsa_key.pub.
[   16.691546] cloud-init[979]: The key fingerprint is:
[   16.693127] cloud-init[979]: SHA256:uoa/yf8KbHkqjHvYdCCHjjRban3UsjVWkv5Ml2eAGdo root@ubuntu-xenial
[   16.694365] cloud-init[979]: The key's randomart image is:
[   16.695300] cloud-init[979]: +---[RSA 2048]----+[[0;32m  OK  [0m] Started ACPI Events Check.
[[0;32m  OK  [0m] Reached target Paths.

[   16.698007] cloud-init[979]: |        ..+      |
[   16.698933] cloud-init[979]: |       oo+ .     |
[   16.699808] cloud-init[979]: |   .  o.oE  o    |
[   16.700735] cloud-init[979]: | oo.oo * . o o   |
[   16.701601] cloud-init[979]:          Starting LXD - unix socket.
[[0;32m  OK  [0m] Started Daily Cleanup of Temporary Directories.
[[0;32m  OK  [0m] Listening on UUID daemon activation socket.
[[0;32m  OK  [0m] Listening on D-Bus System Message Bus Socket.
[[0;32m  OK  [0m] Started Daily apt download activities.
[[0;32m  OK  [0m] Started Daily apt upgrade and clean activities.
[[0;32m  OK  [0m] Reached target Timers.
[[0;32m  OK  [0m] Listening on ACPID Listen Socket.
[[0;32m  OK  [0m] Listening on Socket activation for snappy daemon.
[[0;32m  OK  [0m] Listening on LXD - unix socket.
|.o*o..= S . o    |
[   16.714711] cloud-init[979]: |.+...+.o o       |
[   16.715611] cloud-init[[0;32m  OK  [0m] Reached target Sockets.
[[0;32m  OK  [0m] Reached target Basic System.
         Starting LXD - container startup/shutdown...
         Starting /etc/rc.local Compatibility...
         Starting LSB: Record successful boot for GRUB...[979]: |.  *.o* .        |
[   16.720699] cloud-init[979]: |  o *o.*         |
[   16.721331] cloud-init[979]: |  .o +Booo.      |
[   16.721966] cloud-init[979]: +----[SHA256]-----+
[   16.722601] cloud-init[979]: Generating public/private dsa key pair.
[   16.723389] cloud-init[979]: Your identification has been saved in /etc/ssh/ssh_host_dsa_key.

         Starting LSB: MD monitoring daemon...
[   16.748213] [[0;32m  OK  [0m] Started ACPI event daemon.
[[0;32m  OK  [0m] Started FUSE filesystem for LXC.
[[0;32m  OK  [0m] Started D-Bus System Message Bus.
cloud-init[979]: Your public key has been saved in /etc/ssh/ssh_host_dsa_key.pub.
[   16.760552] cloud-init[979]: The key fingerprint is:
[   16.761481] cloud-init[979]: SHA256:s+EUMJgGqL/bLsyD36ftdi5123/+Ovd2bQvIQ3f9w0Q root@ubuntu-xenial
[   16.763919] cloud-init[979]: The key's randomart image is:
[   16.768164] cloud-init[979]: +---[DSA 1024]----+
[   16.770268] cloud-init[979]: | ... oo          |
[   16.773988] cloud-init[979]: |.   +  o         |
[   16.775529] cloud-init[979]: |.  .    .      E |
[   16.784712] cloud-init[979]: |.        .    . .|
[   16.789902] cloud-init[979]: | .      S  . . o.|
[   16.790868] cloud-init[979]: |  .    o.++ o + .|
[   16.792880] cloud-init[979]: | + .   .o. * . oo|
[   16.796268] cloud-init[979]: |. *o .+ . . o o O|
[[0;32m  OK  [0m] Started Unattended Upgrades Shutdown.
[   16.805994] cloud-init[979]: | .o===o+.    .oXO|
         Starting Pollinate to seed the pseudo random number generator...
[   16.810014] cloud-init[979]: +----[SHA256]-----+
         Starting Snappy daemon...
         Starting Accounts Service...
         Starting Apply the settings specified in cloud-config...
[[0;32m  OK  [0m] Started Regular background program processing daemon.
         Starting System Logging Service...
         Starting Login Service...
         Starting Virtualbox guest utils...
[[0;32m  OK  [0m] Started Deferred execution scheduler.
[[0;32m  OK  [0m] Started /etc/rc.local Compatibility.
[[0;32m  OK  [0m] Started iSCSI initiator daemon (iscsid).
[   16.882091] cloud-init[979]: Generating public/private ecdsa key pair.
[[0;32m  OK  [0m] Started LXD - container startup/shutdown.
[[0;32m  OK  [0m] Started System Logging Service.
[[0;32m  OK  [0m] Started LSB: Record successful boot for GRUB.
[   16.912286] cloud-init[979]: Your identification has been saved in /etc/ssh/ssh_host_ecdsa_key.
[   16.954495] cloud-init[979]: Your public key has been saved in /etc/ssh/ssh_host_ecdsa_key.pub.
[   16.966608] cloud-init[979]: The key fingerprint is:
[[0;32m  OK  [0m] Started LSB: MD monitoring daemon.
         Starting Login to default iSCSI targets...
[[0;32m  OK  [0m] Started Login Service.
[   16.986840] [[0;32m  OK  [0m] Started Login to default iSCSI targets.
[[0;32m  OK  [0m] Reached target Remote File Systems (Pre).
[[0;32m  OK  [0m] Reached target Remote File Systems.
         Starting LSB: Set the CPU Frequency Scaling governor to "ondemand"...
         Starting LSB: automatic crash report generation...
         Starting LSB: daemon to balance interrupts for SMP systems...cloud-init[979]: 
         Starting Permit User Sessions...
[[0;32m  OK  [0m] Started Permit User Sessions.
SHA256:7IsU/BswHnHXPUn16XBpM8IjJkYOXmOBhCfh7CUVXQ0 root@ubuntu-xenial
         Starting Hold until boot process finishes up...
         Starting Terminate Plymouth Boot Screen...
[   17.058411] cloud-init[979]: The key's randomart image is:
[[0;32m  OK  [0m] Started Hold until boot process finishes up.
[[0;32m  OK  [0m] Started Terminate Plymouth Boot Screen.
[[0;32m  OK  [0m] Started LSB: Set the CPU Frequency Scaling governor to "ondemand".
[   17.084510] cloud-init[979]: +---[ECDSA 256]---+
         [   17.093104] Starting Authenticate and Authorize Users to Run Privileged Tasks...
         Starting Set console scheme...
[cloud-init[979]: |     .+=+*oEo ...|
[0;32m  OK  [0m] Started Serial Getty on ttyS0.
[[0;32m  OK  [0m] Started Getty on tty1.
[[0;32m  OK  [0m] Reached target Login Prompts.
[[0;32m  OK  [0m] Started Set console scheme.
[   17.101491] cloud-init[979]: |    oooo*....+ .+|
[   17.127638] [[0;32m  OK  [0m] Started LSB: daemon to balance interrupts for SMP systems.
[[0;32m  OK  [0m] Started LSB: automatic crash report generation.
cloud-init[979]: |     ++o.+.o.=+B.|
[   17.146040] cloud-init[979]: |    ..o+..o . B.o|
[[0;32m  OK  [0m] Started Authenticate and Authorize Users to Run Privileged Tasks.
[   17.159811] cloud-init[979]: |     .* S      . |
[[0;32m  OK  [0m] Started Accounts Service.
[   17.167542] cloud-init[979]: |     . B         |
[   17.172616] cloud-init[979]: |      o +        |
[   17.176537] cloud-init[979]: |     . . +       |
[   17.182627] cloud-init[979]: |      . o        |
[   17.189057] cloud-init[979]: +----[SHA256]-----+
[   17.198006] cloud-init[979]: Generating public/private ed25519 key pair.
[   17.199179] cloud-init[979]: Your identification has been saved in /etc/ssh/ssh_host_ed25519_key.
[   17.206733] cloud-init[979]: Your public key has been saved in /etc/ssh/ssh_host_ed25519_key.pub.
[[0;32m  OK  [0m] Started Snappy daemon.
         Starting Wait until snapd is fully seeded...
[   17.226975] cloud-init[979]: The key fingerprint is:
[   17.236971] cloud-init[979]: SHA256:DbzFuvIclyS8UN2wZu7dPWbAsbU4yNoMzmfSKDejK0I root@ubuntu-xenial
[   17.244450] cloud-init[979]: The key's randomart image is:
[   17.246648] cloud-init[979]: +--[ED25519 256]--+
[[0;32m  OK  [0m] Started Virtualbox guest utils.
[   17.253969] cloud-init[979]: |          .      |
[   17.257554] cloud-init[979]: |       . o +     |
[   17.264236] cloud-init[979]: |        + B .. . |
[   17.267243] cloud-init[979]: |       o X. o = .|
[   17.273575] cloud-init[979]: |      . S.+o * . |
[   17.278823] cloud-init[979]: |   E   .o*Bo .o. |
[   17.282159] cloud-init[979]: |  .   ..+X+*. .+.|
[   17.284188] cloud-init[979]: |   . . ++o*   o .|
[   17.290020] cloud-init[979]: |    . .o+        |
[   17.293871] cloud-init[979]: +----[SHA256]-----+
[   17.846804] cloud-init[1111]: Generating locales (this might take a while)...
[[0;32m  OK  [0m] Started Pollinate to seed the pseudo random number generator.
         Starting OpenBSD Secure Shell server...
[[0;32m  OK  [0m] Started OpenBSD Secure Shell server.
[   18.636247] cloud-init[1111]:   en_US.UTF-8... done
[   18.643426] cloud-init[1111]: Generation complete.
[[0;32m  OK  [0m] Created slice User Slice of vagrant.
         Starting User Manager for UID 1000...
[[0;32m  OK  [0m] Started Session 1 of user vagrant.
[[0;32m  OK  [0m] Started User Manager for UID 1000.
[   19.098674] cloud-init[1111]: Cloud-init v. 18.2 running 'modules:config' at Thu, 05 Jul 2018 01:59:50 +0000. Up 17.50 seconds.
[[0;32m  OK  [0m] Started Apply the settings specified in cloud-config.
[[0;32m  OK  [0m] Started Wait until snapd is fully seeded.
[[0;32m  OK  [0m] Reached target Multi-User System.
[[0;32m  OK  [0m] Reached target Graphical Interface.
         Starting Update UTMP about System Runlevel Changes...
         Starting Execute cloud user/final scripts...
[[0;32m  OK  [0m] Started Update UTMP about System Runlevel Changes.
ci-info: no authorized ssh keys fingerprints found for user ubuntu.
<14>Jul  5 01:59:53 ec2: 
<14>Jul  5 01:59:53 ec2: #############################################################
<14>Jul  5 01:59:53 ec2: -----BEGIN SSH HOST KEY FINGERPRINTS-----
<14>Jul  5 01:59:53 ec2: 1024 SHA256:s+EUMJgGqL/bLsyD36ftdi5123/+Ovd2bQvIQ3f9w0Q root@ubuntu-xenial (DSA)
<14>Jul  5 01:59:53 ec2: 256 SHA256:7IsU/BswHnHXPUn16XBpM8IjJkYOXmOBhCfh7CUVXQ0 root@ubuntu-xenial (ECDSA)
<14>Jul  5 01:59:53 ec2: 256 SHA256:DbzFuvIclyS8UN2wZu7dPWbAsbU4yNoMzmfSKDejK0I root@ubuntu-xenial (ED25519)
<14>Jul  5 01:59:53 ec2: 2048 SHA256:uoa/yf8KbHkqjHvYdCCHjjRban3UsjVWkv5Ml2eAGdo root@ubuntu-xenial (RSA)
<14>Jul  5 01:59:53 ec2: -----END SSH HOST KEY FINGERPRINTS-----
<14>Jul  5 01:59:53 ec2: #############################################################
-----BEGIN SSH HOST KEY KEYS-----
ecdsa-sha2-nistp256 AAAAE2VjZHNhLXNoYTItbmlzdHAyNTYAAAAIbmlzdHAyNTYAAABBBIUnsYasPA/lmWbHT3F4HmMi5pwEcFzoWNY6CxY2KJAYX+N/xdhLyMYsxFoB5kyY/7a4+oGYRsmMbNN+6Q1i4QY= root@ubuntu-xenial
ssh-ed25519 AAAAC3NzaC1lZDI1NTE5AAAAIATiUyjvN+P6tg9CHe2uTiqln8zyPTHsHnd04eM0h3RM root@ubuntu-xenial
ssh-rsa AAAAB3NzaC1yc2EAAAADAQABAAABAQDBIAgxCgEOpVvU5MJQFlZC5ZOUvEq0vZnyvggjTqiMLqBi8zX7PGi1kp7+EjwQ7szDNUJKBXsG8OxpmFIoWGrKCddRZRifIVhnimnuifh9kFG3bSXF4IUwf/AtRjpkppu6w/eiedvygliyPEKxSypHAB/ERlG0m8m23cY63MDWs/p2kdUAdZV7yvgwxrf/6j2HQMLrgtePXPJ+XbrZsXpYRe0sgRg3SrZTiESAYJJZDeFk2soY1UD0X1uDbYS7el9jxtFIHbNz2BuTL/Wji6OPRfPKT8wBhGrmUGARH4mEkoPmjcjCNPs7lSC67s/ymF1lkX05RtQyH3wKymxIys9V root@ubuntu-xenial
-----END SSH HOST KEY KEYS-----
[   20.299255] cloud-init[1437]: Cloud-init v. 18.2 running 'modules:final' at Thu, 05 Jul 2018 01:59:52 +0000. Up 20.11 seconds.
[   20.304833] cloud-init[1437]: ci-info: no authorized ssh keys fingerprints found for user ubuntu.
[   20.306135] cloud-init[1437]: Cloud-init v. 18.2 finished at Thu, 05 Jul 2018 01:59:53 +0000. Datasource DataSourceNoCloud [seed=/dev/sdb][dsmode=net].  Up 20.29 seconds
[[0;32m  OK  [0m] Started Execute cloud user/final scripts.
[[0;32m  OK  [0m] Reached target Cloud-init target.

Ubuntu 16.04.4 LTS ubuntu-xenial ttyS0

ubuntu-xenial login: 